🚀 Starting Self-Improvement Loop for Codegen Repository
================================================================================
Target: Optimize multi-agent orchestration system
Goal: <60s per agent, >90% success rate, production-ready CICD loop
Mode: INFINITE ♾️ (Ctrl+C to stop)
================================================================================
================================================================================
🔄 STARTING INFINITE SELF-IMPROVEMENT LOOP
================================================================================


================================================================================
🔁 ITERATION 1 (INFINITE)
================================================================================

📊 Step 1: Analyzing current code...

=== Executing agent 1/1 ===
[agent_0_1765162401425] Starting agent execution...
[agent_0_1765162401425] Task created: 145760
[agent_0_1765162401425] Status: COMPLETE after 72s
[agent_0_1765162401425] COMPLETED: 3354 chars
✅ Analysis complete: 3354 chars

💡 Step 2: Generating improvement proposals...

=== Executing agent 1/1 ===
[agent_0_1765162496451] Starting agent execution...
[agent_0_1765162496451] Task created: 145762
[agent_0_1765162496451] Status: COMPLETE after 207s
[agent_0_1765162496451] COMPLETED: 8265 chars
✅ Generated 1 proposals

⏱️ Step 3: Benchmarking current state...

=== Executing agent 1/1 ===
[agent_0_1765162745320] Starting agent execution...
[agent_0_1765162745320] Task created: 145763
[agent_0_1765162745320] Status: COMPLETE after 48s
[agent_0_1765162745320] COMPLETED: 244 chars
✅ Benchmark: 57.8s, success=100%

🔧 Step 4: Applying improvement: Optimize Agent Execution
   Confidence: 80%
   Impact: high

⏱️ Step 3: Benchmarking current state...

=== Executing agent 1/1 ===
[agent_0_1765162803075] Starting agent execution...
[agent_0_1765162803075] Task created: 145764
[agent_0_1765162803075] Status: COMPLETE after 129s
[agent_0_1765162803075] COMPLETED: 276 chars
✅ Benchmark: 150.6s, success=100%

🤔 Step 5: Comparing metrics...
   Time: 57.8s → 150.6s
   Success: 100% → 100%
❌ REVERTING improvement: Optimize Agent Execution
   Reverting via git...


================================================================================
🔁 ITERATION 2 (INFINITE)
================================================================================

📊 Step 1: Analyzing current code...

=== Executing agent 1/1 ===
[agent_0_1765162953627] Starting agent execution...
[agent_0_1765162953627] Task created: 145765
[agent_0_1765162953627] Status: COMPLETE after 60s
[agent_0_1765162953627] COMPLETED: 58 chars
✅ Analysis complete: 58 chars

💡 Step 2: Generating improvement proposals...

=== Executing agent 1/1 ===
[agent_0_1765163032636] Starting agent execution...
[agent_0_1765163032636] Task created: 145766
[agent_0_1765163032636] Status: COMPLETE after 228s
[agent_0_1765163032636] COMPLETED: 1560 chars
✅ Generated 1 proposals

⏱️ Step 3: Benchmarking current state...

=== Executing agent 1/1 ===
[agent_0_1765163305475] Starting agent execution...
[agent_0_1765163305475] Task created: 145767
[agent_0_1765163305475] Status: COMPLETE after 48s
[agent_0_1765163305475] COMPLETED: 110 chars
✅ Benchmark: 67.0s, success=100%

🔧 Step 4: Applying improvement: Optimize Agent Execution
   Confidence: 80%
   Impact: high

⏱️ Step 3: Benchmarking current state...

=== Executing agent 1/1 ===
[agent_0_1765163372442] Starting agent execution...
[agent_0_1765163372442] Task created: 145768
[agent_0_1765163372442] Status: COMPLETE after 45s
[agent_0_1765163372442] COMPLETED: 41 chars
✅ Benchmark: 54.3s, success=100%

🤔 Step 5: Comparing metrics...
   Time: 67.0s → 54.3s
   Success: 100% → 100%
✅ KEEPING improvement: Optimize Agent Execution

📝 Committing improvement: Optimize Agent Execution
